[shibacore.org/index.html]
[backblue.gif]
[fade.gif]
[index.html]
[shibacore.org/images/favicon.ico]
[shibacore.org/css/bootstrap.min.css]
[shibacore.org/css/owl-carousel/owl.carousel.css]
[shibacore.org/css/magnific-popup/magnific-popup.css]
[shibacore.org/css/animate.css]
[shibacore.org/css/font-awesome.min.css]
[shibacore.org/css/export.css]
[shibacore.org/css/line-awesome.min.css]
[shibacore.org/css/mediaelementplayer.min.css]
[shibacore.org/css/timeline.min.css]
[shibacore.org/css/style.css]
[shibacore.org/css/responsive.css]
[cdnjs.cloudflare.com/ajax/libs/animate.css/4.1.1/animate.min.css]
[unpkg.com/@lottiefiles/lottie-player@latest/dist/lottie-player.e.delayed]
[unpkg.com/@lottiefiles/lottie-player@1.7.1/dist/lottie-player.js]
[shibacore.org/video/bg23.mp4]
[shibacore.org/images/logo.png]
[shibacore.org/images/coin/shibacorecoin.png]
[shibacore.org/images/icon/burning.png]
[shibacore.org/images/icon/buyback.png]
[shibacore.org/images/icon/staking.png]
[shibacore.org/images/icon/max.png]
[shibacore.org/images/about/08.png]
[shibacore.org/video/shibcore-meta-green.json]
[shibacore.org/js/jquery-min.js]
[shibacore.org/js/popper.min.js]
[shibacore.org/js/bootstrap.min.js]
[shibacore.org/js/timeline.min.js]
[shibacore.org/js/all-plugins.js]
[shibacore.org/js/bubbly-bg.js]
[shibacore.org/js/lib/particles1.min.js]
[shibacore.org/js/lib/canvasjs.min.js]
[shibacore.org/js/lib/stats.js]
[shibacore.org/js/amcharts/amcharts.js]
[shibacore.org/js/amcharts/serial.js]
[shibacore.org/js/amcharts/export.min.js]
[shibacore.org/js/amcharts/none.js]
[shibacore.org/js/amcharts/pie.js]
[shibacore.org/js/owl.carousel.min.js]
[shibacore.org/js/custom.js]
[shibacore.org/index.html]
[shibacore.org/css/bootstrap.min.css]
[shibacore.org/css/owl-carousel/owl.carousel.css]
[shibacore.org/css/magnific-popup/magnific-popup.css]
[shibacore.org/css/animate.css]
[shibacore.org/fonts/fontawesome-webfont3e6e.eot]
[shibacore.org/fonts/fontawesome-webfontd41d.eot]
[shibacore.org/fonts/fontawesome-webfont3e6e.woff2]
[shibacore.org/fonts/fontawesome-webfont3e6e.woff]
[shibacore.org/fonts/fontawesome-webfont3e6e.ttf]
[shibacore.org/css/font-awesome.min.css]
[shibacore.org/css/export.css]
[shibacore.org/fonts/line-awesomeeb4f.eot]
[shibacore.org/fonts/fontawesome-webfont3e6e.svg]
[shibacore.org/fonts/line-awesome0176.eot]
[shibacore.org/fonts/line-awesomeeb4f.woff2]
[shibacore.org/fonts/line-awesomeeb4f.woff]
[shibacore.org/fonts/line-awesomeeb4f.ttf]
[shibacore.org/css/line-awesome.min.css]
[shibacore.org/fonts/line-awesomeeb4f.svg]
[shibacore.org/css/mediaelementplayer.min.css]
[shibacore.org/css/timeline.min.css]
[shibacore.org/css/style.css]
[shibacore.org/css/responsive.css]
[shibacore.org/css/custom.css]
[cdnjs.cloudflare.com/ajax/libs/animate.css/4.1.1/animate.min.css]
[shibacore.org/images/icon/tax.html]
[shibacore.org/transparent.html]
[shibacore.org/css/owl-carousel/owl.video.play.html]
[shibacore.org/fonts/fontawesome-webfont3e6e.svg]
[shibacore.org/fonts/line-awesomeeb4f.svg]
[shibacore.org/images/blog-controls.html]
[shibacore.org/images/01.html]
[shibacore.org/images/02.html]
[www.google-analytics.com/analytics.js]
